
> movie-verdict-web@0.1.0 build
> prisma generate && next build

Environment variables loaded from .env
Prisma schema loaded from prisma\schema.prisma

✔ Generated Prisma Client (v5.19.1) to .\node_modules\@prisma\client in 158ms

Start by importing your Prisma Client (See: http://pris.ly/d/importing-client)

Tip: Interested in query caching in just a few lines of code? Try Accelerate today! https://pris.ly/tip-3-accelerate

node.exe : ⚠ Warning: Next.js inferred 
your workspace root, but it may not be 
correct.
At line:1 char:1
+ & "C:\Program Files\nodejs/node.exe" 
"C:\Program Files\nodejs/node_mo ...
+ ~~~~~~~~~~~~~~~~~~~~~~~~~~~~~~~~~~~~~~~~
~~~~~~~~~~~~~~~~~~~~~~~~~~~~~
    + CategoryInfo          : NotSpecifie 
   d: (⚠ Warning: Next...not be correct.  
  :String) [], RemoteException
    + FullyQualifiedErrorId : NativeComma 
   ndError
 
 We detected multiple lockfiles and 
selected the directory of 
C:\Users\tejas\package-lock.json as the 
root directory.
 To silence this warning, set 
`turbopack.root` in your Next.js config, 
or consider removing one of the lockfiles 
if it's not needed.
   See https://nextjs.org/docs/app/api-ref
erence/config/next-config-js/turbopack#roo
t-directory for more information.
 Detected additional lockfiles: 
   * C:\Users\tejas\.gemini\antigravity\sc
ratch\Eiga\package-lock.json

▲ Next.js 16.1.3 (Turbopack)
- Environments: .env

⚠ The "middleware" file convention is 
deprecated. Please use "proxy" instead. 
Learn more: https://nextjs.org/docs/messag
es/middleware-to-proxy
  Creating an optimized production build ...
✓ Compiled successfully in 4.1s
  Running TypeScript ...
Failed to compile.

./src/app/[locale]/(public)/movie/[slug]/r
eview/[reviewId]/actions.ts:23:38
Type error: Property 'errors' does not 
exist on type 'ZodError<{ body: string; 
}>'.

[0m [90m 21 |[39m
 [90m 22 |[39m     [36mif[39m 
([33m![39mresult[33m.[39msuccess) {
[31m[1m>[22m[39m[90m 23 |[39m       
  [36mreturn[39m { error[33m:[39m resu
lt[33m.[39merror[33m.[39merrors[[35m0
[39m][33m.[39mmessage }[33m;[39m
 [90m    |[39m                          
            [31m[1m^[22m[39m
 [90m 24 |[39m     }
 [90m 25 |[39m
 [90m 26 |[39m     [36mconst[39m { 
body } [33m=[39m 
result[33m.[39mdata[33m;[39m[0m
Next.js build worker exited with code: 1 
and signal: null
